// Jest Snapshot v1, https://goo.gl/fbAQLP

exports[`Banner.vue should render with expected html structure 1`] = `
<div
  class="banner"
/>
`;
