// Jest Snapshot v1, https://goo.gl/fbAQLP

exports[`FutureEvents.vue should render with expected html structure 1`] = `
<div
  class="future-events relative pt-16"
  id="future-events"
>
  <h2
    class="future-events__heading font-bold text-center text-2xl md:text-4xl mb-4 md:mb-8"
  >
    
    Coming next
  
  </h2>
   
  <h3
    class="future-events__tba text-center font-bold"
  >
    
    Watch this space...
  
  </h3>
</div>
`;
